support_func.h:24:6:display7SEG	24	static
support_func.h:117:6:update7SEG	16	static
support_func.h:193:6:updateClockBuffer	4	static
support_func.h:208:6:setTimer0	16	static
support_func.h:212:6:setTimer1	16	static
support_func.h:216:6:timer_run	4	static
support_func.h:231:6:HAL_TIM_PeriodElapsedCallback	16	static
main.c:66:5:main	8	static
main.c:180:6:SystemClock_Config	72	static
main.c:216:13:MX_TIM2_Init	32	static
main.c:261:13:MX_GPIO_Init	32	static
main.c:305:6:Error_Handler	4	static,ignoring_inline_asm
